---
source: src/main.rs
expression: "call(&[\"tree-grepper\", \"-q\", \"elm\", \"(import_clause)\", \"-f\", \"lines\"])"

---
./vendor/tree-sitter-elm/test/highlight/basic.elm:4:0:query:import Browser
./vendor/tree-sitter-elm/test/highlight/basic.elm:6:0:query:import Html exposing (Html, button, div, text)
./vendor/tree-sitter-elm/test/highlight/basic.elm:8:0:query:import Html.Events exposing (onClick)

