---
source: src/main.rs
expression: "call(&[\"tree-grepper\", \"-q\", \"elm\", \"(import_clause)\", \"-f\", \"json\", \"--sort\",\n       \"--no-gitignore\", \"vendor/tree-sitter-elm/examples\"])"

---
[{"file":"vendor/tree-sitter-elm/examples/basic.elm","file_type":"elm","matches":[{"kind":"import_clause","name":"query","text":"import Browser","start":{"row":2,"column":0},"end":{"row":2,"column":14}},{"kind":"import_clause","name":"query","text":"import Html exposing (Html, button, div, text)","start":{"row":3,"column":0},"end":{"row":3,"column":46}},{"kind":"import_clause","name":"query","text":"import Html.Events exposing (onClick)","start":{"row":4,"column":0},"end":{"row":4,"column":37}}]}]
