---
source: src/main.rs
expression: "call(&[\"tree-grepper\", \"-q\", \"haskell\", \"(_)\", \"--format=pretty-json\",\n       \"--sort\", \"vendor/tree-sitter-haskell\"])"

---
[
  {
    "file": "vendor/tree-sitter-haskell/test/edit/Test.hs",
    "matches": [
      {
        "kind": "haskell",
        "name": "query",
        "text": "module A where\n\ndata Foo a =\n  Foo\n  deriving (Eq)\n  deriving (Show)\n",
        "start": {
          "row": 0,
          "column": 0
        },
        "end": {
          "row": 6,
          "column": 0
        }
      },
      {
        "kind": "module",
        "name": "query",
        "text": "module",
        "start": {
          "row": 0,
          "column": 0
        },
        "end": {
          "row": 0,
          "column": 6
        }
      },
      {
        "kind": "module",
        "name": "query",
        "text": "A",
        "start": {
          "row": 0,
          "column": 7
        },
        "end": {
          "row": 0,
          "column": 8
        }
      },
      {
        "kind": "where",
        "name": "query",
        "text": "where",
        "start": {
          "row": 0,
          "column": 9
        },
        "end": {
          "row": 0,
          "column": 14
        }
      },
      {
        "kind": "adt",
        "name": "query",
        "text": "data Foo a =\n  Foo\n  deriving (Eq)\n  deriving (Show)",
        "start": {
          "row": 2,
          "column": 0
        },
        "end": {
          "row": 5,
          "column": 17
        }
      },
      {
        "kind": "data",
        "name": "query",
        "text": "data",
        "start": {
          "row": 2,
          "column": 0
        },
        "end": {
          "row": 2,
          "column": 4
        }
      },
      {
        "kind": "type",
        "name": "query",
        "text": "Foo",
        "start": {
          "row": 2,
          "column": 5
        },
        "end": {
          "row": 2,
          "column": 8
        }
      },
      {
        "kind": "type_variable",
        "name": "query",
        "text": "a",
        "start": {
          "row": 2,
          "column": 9
        },
        "end": {
          "row": 2,
          "column": 10
        }
      },
      {
        "kind": "=",
        "name": "query",
        "text": "=",
        "start": {
          "row": 2,
          "column": 11
        },
        "end": {
          "row": 2,
          "column": 12
        }
      },
      {
        "kind": "constructors",
        "name": "query",
        "text": "Foo",
        "start": {
          "row": 3,
          "column": 2
        },
        "end": {
          "row": 3,
          "column": 5
        }
      },
      {
        "kind": "data_constructor",
        "name": "query",
        "text": "Foo",
        "start": {
          "row": 3,
          "column": 2
        },
        "end": {
          "row": 3,
          "column": 5
        }
      },
      {
        "kind": "constructor",
        "name": "query",
        "text": "Foo",
        "start": {
          "row": 3,
          "column": 2
        },
        "end": {
          "row": 3,
          "column": 5
        }
      },
      {
        "kind": "deriving",
        "name": "query",
        "text": "deriving (Eq)",
        "start": {
          "row": 4,
          "column": 2
        },
        "end": {
          "row": 4,
          "column": 15
        }
      },
      {
        "kind": "deriving",
        "name": "query",
        "text": "deriving",
        "start": {
          "row": 4,
          "column": 2
        },
        "end": {
          "row": 4,
          "column": 10
        }
      },
      {
        "kind": "(",
        "name": "query",
        "text": "(",
        "start": {
          "row": 4,
          "column": 11
        },
        "end": {
          "row": 4,
          "column": 12
        }
      },
      {
        "kind": "constraint",
        "name": "query",
        "text": "Eq",
        "start": {
          "row": 4,
          "column": 12
        },
        "end": {
          "row": 4,
          "column": 14
        }
      },
      {
        "kind": "class_name",
        "name": "query",
        "text": "Eq",
        "start": {
          "row": 4,
          "column": 12
        },
        "end": {
          "row": 4,
          "column": 14
        }
      },
      {
        "kind": "type",
        "name": "query",
        "text": "Eq",
        "start": {
          "row": 4,
          "column": 12
        },
        "end": {
          "row": 4,
          "column": 14
        }
      },
      {
        "kind": ")",
        "name": "query",
        "text": ")",
        "start": {
          "row": 4,
          "column": 14
        },
        "end": {
          "row": 4,
          "column": 15
        }
      },
      {
        "kind": "deriving",
        "name": "query",
        "text": "deriving (Show)",
        "start": {
          "row": 5,
          "column": 2
        },
        "end": {
          "row": 5,
          "column": 17
        }
      },
      {
        "kind": "deriving",
        "name": "query",
        "text": "deriving",
        "start": {
          "row": 5,
          "column": 2
        },
        "end": {
          "row": 5,
          "column": 10
        }
      },
      {
        "kind": "(",
        "name": "query",
        "text": "(",
        "start": {
          "row": 5,
          "column": 11
        },
        "end": {
          "row": 5,
          "column": 12
        }
      },
      {
        "kind": "constraint",
        "name": "query",
        "text": "Show",
        "start": {
          "row": 5,
          "column": 12
        },
        "end": {
          "row": 5,
          "column": 16
        }
      },
      {
        "kind": "class_name",
        "name": "query",
        "text": "Show",
        "start": {
          "row": 5,
          "column": 12
        },
        "end": {
          "row": 5,
          "column": 16
        }
      },
      {
        "kind": "type",
        "name": "query",
        "text": "Show",
        "start": {
          "row": 5,
          "column": 12
        },
        "end": {
          "row": 5,
          "column": 16
        }
      },
      {
        "kind": ")",
        "name": "query",
        "text": ")",
        "start": {
          "row": 5,
          "column": 16
        },
        "end": {
          "row": 5,
          "column": 17
        }
      }
    ]
  },
  {
    "file": "vendor/tree-sitter-haskell/test/highlight/Basic.hs",
    "matches": [
      {
        "kind": "haskell",
        "name": "query",
        "text": "module A where\n\ndata A a = A a\n\nclass C a where\n\na :: C a => A a -> A a\na (A a) =\n  A a\n",
        "start": {
          "row": 0,
          "column": 0
        },
        "end": {
          "row": 9,
          "column": 0
        }
      },
      {
        "kind": "module",
        "name": "query",
        "text": "module",
        "start": {
          "row": 0,
          "column": 0
        },
        "end": {
          "row": 0,
          "column": 6
        }
      },
      {
        "kind": "module",
        "name": "query",
        "text": "A",
        "start": {
          "row": 0,
          "column": 7
        },
        "end": {
          "row": 0,
          "column": 8
        }
      },
      {
        "kind": "where",
        "name": "query",
        "text": "where",
        "start": {
          "row": 0,
          "column": 9
        },
        "end": {
          "row": 0,
          "column": 14
        }
      },
      {
        "kind": "adt",
        "name": "query",
        "text": "data A a = A a",
        "start": {
          "row": 2,
          "column": 0
        },
        "end": {
          "row": 2,
          "column": 14
        }
      },
      {
        "kind": "data",
        "name": "query",
        "text": "data",
        "start": {
          "row": 2,
          "column": 0
        },
        "end": {
          "row": 2,
          "column": 4
        }
      },
      {
        "kind": "type",
        "name": "query",
        "text": "A",
        "start": {
          "row": 2,
          "column": 5
        },
        "end": {
          "row": 2,
          "column": 6
        }
      },
      {
        "kind": "type_variable",
        "name": "query",
        "text": "a",
        "start": {
          "row": 2,
          "column": 7
        },
        "end": {
          "row": 2,
          "column": 8
        }
      },
      {
        "kind": "=",
        "name": "query",
        "text": "=",
        "start": {
          "row": 2,
          "column": 9
        },
        "end": {
          "row": 2,
          "column": 10
        }
      },
      {
        "kind": "constructors",
        "name": "query",
        "text": "A a",
        "start": {
          "row": 2,
          "column": 11
        },
        "end": {
          "row": 2,
          "column": 14
        }
      },
      {
        "kind": "data_constructor",
        "name": "query",
        "text": "A a",
        "start": {
          "row": 2,
          "column": 11
        },
        "end": {
          "row": 2,
          "column": 14
        }
      },
      {
        "kind": "constructor",
        "name": "query",
        "text": "A",
        "start": {
          "row": 2,
          "column": 11
        },
        "end": {
          "row": 2,
          "column": 12
        }
      },
      {
        "kind": "type_name",
        "name": "query",
        "text": "a",
        "start": {
          "row": 2,
          "column": 13
        },
        "end": {
          "row": 2,
          "column": 14
        }
      },
      {
        "kind": "type_variable",
        "name": "query",
        "text": "a",
        "start": {
          "row": 2,
          "column": 13
        },
        "end": {
          "row": 2,
          "column": 14
        }
      },
      {
        "kind": "class",
        "name": "query",
        "text": "class C a where",
        "start": {
          "row": 4,
          "column": 0
        },
        "end": {
          "row": 4,
          "column": 15
        }
      },
      {
        "kind": "class",
        "name": "query",
        "text": "class",
        "start": {
          "row": 4,
          "column": 0
        },
        "end": {
          "row": 4,
          "column": 5
        }
      },
      {
        "kind": "class_head",
        "name": "query",
        "text": "C a",
        "start": {
          "row": 4,
          "column": 6
        },
        "end": {
          "row": 4,
          "column": 9
        }
      },
      {
        "kind": "class_name",
        "name": "query",
        "text": "C",
        "start": {
          "row": 4,
          "column": 6
        },
        "end": {
          "row": 4,
          "column": 7
        }
      },
      {
        "kind": "type",
        "name": "query",
        "text": "C",
        "start": {
          "row": 4,
          "column": 6
        },
        "end": {
          "row": 4,
          "column": 7
        }
      },
      {
        "kind": "type_name",
        "name": "query",
        "text": "a",
        "start": {
          "row": 4,
          "column": 8
        },
        "end": {
          "row": 4,
          "column": 9
        }
      },
      {
        "kind": "type_variable",
        "name": "query",
        "text": "a",
        "start": {
          "row": 4,
          "column": 8
        },
        "end": {
          "row": 4,
          "column": 9
        }
      },
      {
        "kind": "class_body",
        "name": "query",
        "text": "where",
        "start": {
          "row": 4,
          "column": 10
        },
        "end": {
          "row": 4,
          "column": 15
        }
      },
      {
        "kind": "where",
        "name": "query",
        "text": "where",
        "start": {
          "row": 4,
          "column": 10
        },
        "end": {
          "row": 4,
          "column": 15
        }
      },
      {
        "kind": "signature",
        "name": "query",
        "text": "a :: C a => A a -> A a",
        "start": {
          "row": 6,
          "column": 0
        },
        "end": {
          "row": 6,
          "column": 22
        }
      },
      {
        "kind": "variable",
        "name": "query",
        "text": "a",
        "start": {
          "row": 6,
          "column": 0
        },
        "end": {
          "row": 6,
          "column": 1
        }
      },
      {
        "kind": "::",
        "name": "query",
        "text": "::",
        "start": {
          "row": 6,
          "column": 2
        },
        "end": {
          "row": 6,
          "column": 4
        }
      },
      {
        "kind": "context",
        "name": "query",
        "text": "C a => A a -> A a",
        "start": {
          "row": 6,
          "column": 5
        },
        "end": {
          "row": 6,
          "column": 22
        }
      },
      {
        "kind": "constraint",
        "name": "query",
        "text": "C a",
        "start": {
          "row": 6,
          "column": 5
        },
        "end": {
          "row": 6,
          "column": 8
        }
      },
      {
        "kind": "class_name",
        "name": "query",
        "text": "C",
        "start": {
          "row": 6,
          "column": 5
        },
        "end": {
          "row": 6,
          "column": 6
        }
      },
      {
        "kind": "type",
        "name": "query",
        "text": "C",
        "start": {
          "row": 6,
          "column": 5
        },
        "end": {
          "row": 6,
          "column": 6
        }
      },
      {
        "kind": "type_name",
        "name": "query",
        "text": "a",
        "start": {
          "row": 6,
          "column": 7
        },
        "end": {
          "row": 6,
          "column": 8
        }
      },
      {
        "kind": "type_variable",
        "name": "query",
        "text": "a",
        "start": {
          "row": 6,
          "column": 7
        },
        "end": {
          "row": 6,
          "column": 8
        }
      },
      {
        "kind": "=>",
        "name": "query",
        "text": "=>",
        "start": {
          "row": 6,
          "column": 9
        },
        "end": {
          "row": 6,
          "column": 11
        }
      },
      {
        "kind": "fun",
        "name": "query",
        "text": "A a -> A a",
        "start": {
          "row": 6,
          "column": 12
        },
        "end": {
          "row": 6,
          "column": 22
        }
      },
      {
        "kind": "type_apply",
        "name": "query",
        "text": "A a",
        "start": {
          "row": 6,
          "column": 12
        },
        "end": {
          "row": 6,
          "column": 15
        }
      },
      {
        "kind": "type_name",
        "name": "query",
        "text": "A",
        "start": {
          "row": 6,
          "column": 12
        },
        "end": {
          "row": 6,
          "column": 13
        }
      },
      {
        "kind": "type",
        "name": "query",
        "text": "A",
        "start": {
          "row": 6,
          "column": 12
        },
        "end": {
          "row": 6,
          "column": 13
        }
      },
      {
        "kind": "type_name",
        "name": "query",
        "text": "a",
        "start": {
          "row": 6,
          "column": 14
        },
        "end": {
          "row": 6,
          "column": 15
        }
      },
      {
        "kind": "type_variable",
        "name": "query",
        "text": "a",
        "start": {
          "row": 6,
          "column": 14
        },
        "end": {
          "row": 6,
          "column": 15
        }
      },
      {
        "kind": "->",
        "name": "query",
        "text": "->",
        "start": {
          "row": 6,
          "column": 16
        },
        "end": {
          "row": 6,
          "column": 18
        }
      },
      {
        "kind": "type_apply",
        "name": "query",
        "text": "A a",
        "start": {
          "row": 6,
          "column": 19
        },
        "end": {
          "row": 6,
          "column": 22
        }
      },
      {
        "kind": "type_name",
        "name": "query",
        "text": "A",
        "start": {
          "row": 6,
          "column": 19
        },
        "end": {
          "row": 6,
          "column": 20
        }
      },
      {
        "kind": "type",
        "name": "query",
        "text": "A",
        "start": {
          "row": 6,
          "column": 19
        },
        "end": {
          "row": 6,
          "column": 20
        }
      },
      {
        "kind": "type_name",
        "name": "query",
        "text": "a",
        "start": {
          "row": 6,
          "column": 21
        },
        "end": {
          "row": 6,
          "column": 22
        }
      },
      {
        "kind": "type_variable",
        "name": "query",
        "text": "a",
        "start": {
          "row": 6,
          "column": 21
        },
        "end": {
          "row": 6,
          "column": 22
        }
      },
      {
        "kind": "function",
        "name": "query",
        "text": "a (A a) =\n  A a",
        "start": {
          "row": 7,
          "column": 0
        },
        "end": {
          "row": 8,
          "column": 5
        }
      },
      {
        "kind": "variable",
        "name": "query",
        "text": "a",
        "start": {
          "row": 7,
          "column": 0
        },
        "end": {
          "row": 7,
          "column": 1
        }
      },
      {
        "kind": "patterns",
        "name": "query",
        "text": "(A a)",
        "start": {
          "row": 7,
          "column": 2
        },
        "end": {
          "row": 7,
          "column": 7
        }
      },
      {
        "kind": "pat_parens",
        "name": "query",
        "text": "(A a)",
        "start": {
          "row": 7,
          "column": 2
        },
        "end": {
          "row": 7,
          "column": 7
        }
      },
      {
        "kind": "(",
        "name": "query",
        "text": "(",
        "start": {
          "row": 7,
          "column": 2
        },
        "end": {
          "row": 7,
          "column": 3
        }
      },
      {
        "kind": "pat_apply",
        "name": "query",
        "text": "A a",
        "start": {
          "row": 7,
          "column": 3
        },
        "end": {
          "row": 7,
          "column": 6
        }
      },
      {
        "kind": "pat_name",
        "name": "query",
        "text": "A",
        "start": {
          "row": 7,
          "column": 3
        },
        "end": {
          "row": 7,
          "column": 4
        }
      },
      {
        "kind": "constructor",
        "name": "query",
        "text": "A",
        "start": {
          "row": 7,
          "column": 3
        },
        "end": {
          "row": 7,
          "column": 4
        }
      },
      {
        "kind": "pat_name",
        "name": "query",
        "text": "a",
        "start": {
          "row": 7,
          "column": 5
        },
        "end": {
          "row": 7,
          "column": 6
        }
      },
      {
        "kind": "variable",
        "name": "query",
        "text": "a",
        "start": {
          "row": 7,
          "column": 5
        },
        "end": {
          "row": 7,
          "column": 6
        }
      },
      {
        "kind": ")",
        "name": "query",
        "text": ")",
        "start": {
          "row": 7,
          "column": 6
        },
        "end": {
          "row": 7,
          "column": 7
        }
      },
      {
        "kind": "=",
        "name": "query",
        "text": "=",
        "start": {
          "row": 7,
          "column": 8
        },
        "end": {
          "row": 7,
          "column": 9
        }
      },
      {
        "kind": "exp_apply",
        "name": "query",
        "text": "A a",
        "start": {
          "row": 8,
          "column": 2
        },
        "end": {
          "row": 8,
          "column": 5
        }
      },
      {
        "kind": "exp_name",
        "name": "query",
        "text": "A",
        "start": {
          "row": 8,
          "column": 2
        },
        "end": {
          "row": 8,
          "column": 3
        }
      },
      {
        "kind": "constructor",
        "name": "query",
        "text": "A",
        "start": {
          "row": 8,
          "column": 2
        },
        "end": {
          "row": 8,
          "column": 3
        }
      },
      {
        "kind": "exp_name",
        "name": "query",
        "text": "a",
        "start": {
          "row": 8,
          "column": 4
        },
        "end": {
          "row": 8,
          "column": 5
        }
      },
      {
        "kind": "variable",
        "name": "query",
        "text": "a",
        "start": {
          "row": 8,
          "column": 4
        },
        "end": {
          "row": 8,
          "column": 5
        }
      }
    ]
  }
]
